#-----------------------------------------------------------
# Vivado v2017.4 (64-bit)
# SW Build 2086221 on Fri Dec 15 20:55:39 MST 2017
# IP Build 2085800 on Fri Dec 15 22:25:07 MST 2017
# Start of session at: Sun Mar 10 22:06:31 2019
# Process ID: 17240
# Current directory: E:/work-Lab/USTCRVSoC/hardware/Vivado/nexys4/USTCRVSoC-nexys4
# Command line: vivado.exe -gui_launcher_event rodinguilauncherevent11140 E:\work-Lab\USTCRVSoC\hardware\Vivado\nexys4\USTCRVSoC-nexys4\USTCRVSoC-nexys4.xpr
# Log file: E:/work-Lab/USTCRVSoC/hardware/Vivado/nexys4/USTCRVSoC-nexys4/vivado.log
# Journal file: E:/work-Lab/USTCRVSoC/hardware/Vivado/nexys4/USTCRVSoC-nexys4\vivado.jou
#-----------------------------------------------------------
start_gui
open_project E:/work-Lab/USTCRVSoC/hardware/Vivado/nexys4/USTCRVSoC-nexys4/USTCRVSoC-nexys4.xpr
update_compile_order -fileset sources_1
add_files -norecurse E:/work-Lab/USTCRVSoC/hardware/RTL/core_id_segreg.sv
update_compile_order -fileset sources_1
reset_run synth_1
launch_runs synth_1 -jobs 8
wait_on_run synth_1
launch_runs impl_1 -jobs 8
wait_on_run impl_1
launch_runs impl_1 -to_step write_bitstream -jobs 8
wait_on_run impl_1
