#-----------------------------------------------------------
# Vivado v2017.4 (64-bit)
# SW Build 2086221 on Fri Dec 15 20:55:39 MST 2017
# IP Build 2085800 on Fri Dec 15 22:25:07 MST 2017
# Start of session at: Mon Mar 11 16:18:42 2019
# Process ID: 12448
# Current directory: E:/work-Lab/USTCRVSoC/hardware/Vivado/nexys4/USTCRVSoC-nexys4
# Command line: vivado.exe -gui_launcher_event rodinguilauncherevent12796 E:\work-Lab\USTCRVSoC\hardware\Vivado\nexys4\USTCRVSoC-nexys4\USTCRVSoC-nexys4.xpr
# Log file: E:/work-Lab/USTCRVSoC/hardware/Vivado/nexys4/USTCRVSoC-nexys4/vivado.log
# Journal file: E:/work-Lab/USTCRVSoC/hardware/Vivado/nexys4/USTCRVSoC-nexys4\vivado.jou
#-----------------------------------------------------------
start_gui
open_project E:/work-Lab/USTCRVSoC/hardware/Vivado/nexys4/USTCRVSoC-nexys4/USTCRVSoC-nexys4.xpr
update_compile_order -fileset sources_1
reset_run synth_1
launch_runs synth_1 -jobs 8
wait_on_run synth_1
reset_run synth_1
launch_runs synth_1 -jobs 8
wait_on_run synth_1
launch_runs impl_1 -jobs 8
wait_on_run impl_1
launch_runs impl_1 -to_step write_bitstream -jobs 8
wait_on_run impl_1
open_hw
connect_hw_server
open_hw_target
set_property PROGRAM.FILE {E:/work-Lab/USTCRVSoC/hardware/Vivado/nexys4/USTCRVSoC-nexys4/USTCRVSoC-nexys4.runs/impl_1/Nexys4_USTCRVSoC_top.bit} [get_hw_devices xc7a100t_0]
current_hw_device [get_hw_devices xc7a100t_0]
refresh_hw_device -update_hw_probes false [lindex [get_hw_devices xc7a100t_0] 0]
set_property PROBES.FILE {} [get_hw_devices xc7a100t_0]
set_property FULL_PROBES.FILE {} [get_hw_devices xc7a100t_0]
set_property PROGRAM.FILE {E:/work-Lab/USTCRVSoC/hardware/Vivado/nexys4/USTCRVSoC-nexys4/USTCRVSoC-nexys4.runs/impl_1/Nexys4_USTCRVSoC_top.bit} [get_hw_devices xc7a100t_0]
program_hw_devices [get_hw_devices xc7a100t_0]
refresh_hw_device [lindex [get_hw_devices xc7a100t_0] 0]
